vite      http://localhost:5195
chromium  headless (channel=chromium)
arm       gate       {"strandGate":true}
12:00:21 PM [vite] (client) [console.warn] Figure: this rig has no jaw, eyeLeft, eyeRight bone(s) (53 bones found). Motion layers that need them must fall back — jaw to the jawOpen morph, gaze to the eyeLook* morphs.
arm       no-hair    {"width":1080,"height":1920,"pixelRatio":1}
12:00:22 PM [vite] (client) [console.warn] Figure: this rig has no jaw, eyeLeft, eyeRight bone(s) (53 bones found). Motion layers that need them must fall back — jaw to the jawOpen morph, gaze to the eyeLook* morphs.
arm       hair       {"width":1080,"height":1920,"pixelRatio":1}
12:00:22 PM [vite] (client) [console.warn] Figure: this rig has no jaw, eyeLeft, eyeRight bone(s) (53 bones found). Motion layers that need them must fall back — jaw to the jawOpen morph, gaze to the eyeLook* morphs.
arm       no-hair-2  {"width":1080,"height":1920,"pixelRatio":1}
12:00:23 PM [vite] (client) [console.warn] THREE.TSL: Return statement used in an inline 'Fn()'. Define a layout struct to allow return values. Stack trace not available. Enable "THREE.Node.captureStackTrace" to capture stack traces.
12:00:23 PM [vite] (client) [console.warn] THREE.TSL: Return statement used in an inline 'Fn()'. Define a layout struct to allow return values. Stack trace not available. Enable "THREE.Node.captureStackTrace" to capture stack traces.
          round 5/8

========================================================================================
CONTENTION GATE (the strand ladder's own fixed 4,960-strand render at 720x900, in this round-robin): min 1.5352  p50 1.9929  p95 2.6159 ms
arm            n     min      p05      p50      p95      max
----------------------------------------------------------------------------------------
gate           16    1.535    1.555    1.993    2.616    2.795
no-hair       400    1.570    2.951   12.918   14.015   17.532
hair          400    6.146    6.689   15.275   16.226   20.097
no-hair-2     400   11.882   12.737   13.087   14.119   17.640

CONTROL REPRODUCIBILITY (no-hair measured at both ends of the arm order): p05 2.951 vs 12.737, p50 12.918 vs 13.087, p95 14.015 vs 14.119

TODAY'S CARDS COST   Δp05 3.738  Δp50 2.357  Δp95 2.211 ms
HEADROOM AGAINST 16.6 ms   with hair: p50 1.325  p95 0.374 ms   | no hair: p50 3.682  p95 2.585 ms

report    captures/hair-r31-ladder-ours/data/frame-budget.json
