vite      http://localhost:5195
chromium  headless (channel=chromium)
PAGE-ERROR gate: Failed to load resource: the server responded with a status of 404 (Not Found)
arm       gate               {"strandGate":true}
8:52:13 PM [vite] (client) [console.warn] Figure: this rig has no jaw, eyeLeft, eyeRight bone(s) (53 bones found). Motion layers that need them must fall back — jaw to the jawOpen morph, gaze to the eyeLook* morphs.
PAGE-WARNING no-hair: Figure: this rig has no jaw, eyeLeft, eyeRight bone(s) (53 bones found). Motion layers that need them must fall back — jaw to the jawOpen morph, gaze to the eyeLook* morphs.
arm       no-hair            {"width":1080,"height":1920,"pixelRatio":1,"hair":null}
8:52:14 PM [vite] (client) [console.warn] Figure: this rig has no jaw, eyeLeft, eyeRight bone(s) (53 bones found). Motion layers that need them must fall back — jaw to the jawOpen morph, gaze to the eyeLook* morphs.
PAGE-WARNING hair: Figure: this rig has no jaw, eyeLeft, eyeRight bone(s) (53 bones found). Motion layers that need them must fall back — jaw to the jawOpen morph, gaze to the eyeLook* morphs.
arm       hair               {"width":1080,"height":1920,"pixelRatio":1,"hair":{"groomMeshes":1,"strandCount":null,"skinnedPoints":null,"triangles":null}}
8:52:14 PM [vite] (client) [console.warn] Figure: this rig has no jaw, eyeLeft, eyeRight bone(s) (53 bones found). Motion layers that need them must fall back — jaw to the jawOpen morph, gaze to the eyeLook* morphs.
PAGE-WARNING ribbons-crop-8832: Figure: this rig has no jaw, eyeLeft, eyeRight bone(s) (53 bones found). Motion layers that need them must fall back — jaw to the jawOpen morph, gaze to the eyeLook* morphs.
arm       ribbons-crop-8832  {"width":1080,"height":1920,"pixelRatio":1,"hair":{"groomMeshes":1,"strandCount":8832,"skinnedPoints":141312,"triangles":264960}}
8:52:15 PM [vite] (client) [console.warn] Figure: this rig has no jaw, eyeLeft, eyeRight bone(s) (53 bones found). Motion layers that need them must fall back — jaw to the jawOpen morph, gaze to the eyeLook* morphs.
PAGE-WARNING ribbons-bob-4960: Figure: this rig has no jaw, eyeLeft, eyeRight bone(s) (53 bones found). Motion layers that need them must fall back — jaw to the jawOpen morph, gaze to the eyeLook* morphs.
arm       ribbons-bob-4960   {"width":1080,"height":1920,"pixelRatio":1,"hair":{"groomMeshes":1,"strandCount":4960,"skinnedPoints":79360,"triangles":148800}}
8:52:15 PM [vite] (client) [console.warn] Figure: this rig has no jaw, eyeLeft, eyeRight bone(s) (53 bones found). Motion layers that need them must fall back — jaw to the jawOpen morph, gaze to the eyeLook* morphs.
PAGE-WARNING ribbons-bob-11408: Figure: this rig has no jaw, eyeLeft, eyeRight bone(s) (53 bones found). Motion layers that need them must fall back — jaw to the jawOpen morph, gaze to the eyeLook* morphs.
arm       ribbons-bob-11408  {"width":1080,"height":1920,"pixelRatio":1,"hair":{"groomMeshes":1,"strandCount":11408,"skinnedPoints":182528,"triangles":342240}}
8:52:16 PM [vite] (client) [console.warn] Figure: this rig has no jaw, eyeLeft, eyeRight bone(s) (53 bones found). Motion layers that need them must fall back — jaw to the jawOpen morph, gaze to the eyeLook* morphs.
PAGE-WARNING no-hair-2: Figure: this rig has no jaw, eyeLeft, eyeRight bone(s) (53 bones found). Motion layers that need them must fall back — jaw to the jawOpen morph, gaze to the eyeLook* morphs.
arm       no-hair-2          {"width":1080,"height":1920,"pixelRatio":1,"hair":null}
          round 5/24
          round 10/24
          round 15/24
          round 20/24

========================================================================================
CONTENTION GATE (the strand ladder's own fixed 4,960-strand render at 720x900, in this round-robin): min 1.4799  p50 2.1414  p95 3.1507 ms
arm            n     min      p05      p50      p95      max
----------------------------------------------------------------------------------------
gate           48    1.480    1.518    2.141    3.151    4.068
no-hair        48    2.979    4.144    9.430   11.964   13.719
hair           48    3.800    4.028    9.891   11.892   12.739
ribbons-crop-8832   48    4.948    7.838   15.340   18.636   19.466
ribbons-bob-4960   48    5.642    7.775   13.455   17.436   18.462
ribbons-bob-11408   48    6.410    8.654   15.987   19.013   19.685
no-hair-2      48    3.311    6.454    9.245   11.624   12.720

CONTROL REPRODUCIBILITY (no-hair measured at both ends of the arm order): p05 4.144 vs 6.454, p50 9.430 vs 9.245, p95 11.964 vs 11.624

TODAY'S CARDS COST (percentiles of a MIXTURE — see PER CLOCK MODE below)   Δp05 -0.116  Δp50 0.461  Δp95 -0.072 ms
HEADROOM AGAINST 16.6 ms   with hair: p50 6.709  p95 4.708 ms   | no hair: p50 7.170  p95 4.636 ms
CLOCK BOUNDARY fitted ONCE on 288 pooled samples: 12.485 ms (states 9.147 / 15.823, separation 3.4)

PER CLOCK MODE — a percentile of a mixture is not a cost; see `clockModes`.

arm                    fast     n     slow     n   % fast  slow/fast  separation
no-hair                9.031    47   13.719     1    97.9%      1.52x        4.6
hair                   9.042    46   12.631     2    95.8%      1.40x        5.2
ribbons-crop-8832      8.421     6   16.107    42    12.5%      1.91x        3.1
ribbons-bob-4960      10.494    15   14.811    33    31.3%      1.41x        2.2
ribbons-bob-11408      8.874     6   16.612    42    12.5%      1.87x        4.5
no-hair-2              9.062    47   12.720     1    97.9%      1.40x        2.2

COST AGAINST no-hair, WITHIN each clock state — this is the comparable number:

arm                   Δ fast    Δ slow    (naive Δp50, NOT comparable)
hair                 +0.011   -1.088    +0.461  🔴 NEGATIVE IN A MODE
ribbons-crop-8832    -0.610   +2.388    +5.909  🔴 NEGATIVE IN A MODE
ribbons-bob-4960     +1.463   +1.093    +4.024
ribbons-bob-11408    -0.157   +2.893    +6.557  🔴 NEGATIVE IN A MODE
no-hair-2            +0.031   -0.999    -0.186  🔴 NEGATIVE IN A MODE

CONTROL, per mode: fast 9.031 vs 9.062 (0.3%), slow 13.719 vs 12.720 (7.3%) — mixes 97.9% vs 97.9% fast

report    captures/hair-r31-ladder-ours/data/frame-budget.json
